===== Gemfile =====
source "https://rubygems.org"

gem "lunula", path: "<FRAMEWORK_ROOT>"
gem "puma", "~> 7.0"
gem "rake", "~> 13.2"
gem "rack-session", "~> 2.1"
gem "sqlite3", "~> 2.0"

group :development do
  gem "kamal", "~> 2.0", require: false
end

group :test do
  gem "minitest", "~> 6.0"
  gem "rack-test", "~> 2.2"
end

===== Procfile.dev =====
web: bundle exec luna start
worker: bundle exec luna jobs:work --queue default --threads 2 --batch-size 5
scheduler: bundle exec luna jobs:schedule

===== README.md =====
# Lunula application

Start the application:

```sh
bundle install
bundle exec luna db:migrate
# Optional application seed data:
bundle exec luna db:seed
bundle exec luna start
```

`luna start` runs Rackup on port 5151. The equivalent direct command is:

```sh
bundle exec rackup -p 5151
```

Both startup paths check for pending migrations. `luna start` refuses
to boot and prints the pending filenames; direct Rack requests receive
an actionable development `503` page. Lunula never migrates
automatically at web-process boot.

Development serves the readable source files in `public/assets`.
Production resolves asset helpers through a fingerprint manifest. The
generated Dockerfile compiles it automatically; for another deployment
method run:

```sh
bundle exec luna assets:precompile
```

Use `bundle exec luna assets:clobber` to remove compiled copies while
preserving the source files.

Open a console with the application environment loaded:

```sh
bundle exec luna console
```

Manage the database through the same application environment:

```sh
bundle exec luna db:migrate
bundle exec luna db:rollback       # one migration
bundle exec luna db:rollback 3     # three migrations
bundle exec luna db:seed
bundle exec luna db:check
bundle exec luna db:checkpoint --mode TRUNCATE
```

`db:seed` loads `db/seeds.rb` without implicitly running migrations.
`db:check` reports SQLite production settings such as WAL mode,
busy-timeout, foreign keys, and unsafe synced-storage paths.
`db:checkpoint` runs an explicit SQLite WAL checkpoint.

Run the generated Minitest and Rack::Test suite:

```sh
bundle exec rake test
```

`test/test_helper.rb` boots the complete `config.ru` middleware stack in
the test environment, applies pending test-database migrations, and
provides `ApplicationTest`, `database`, and `csrf_token` helpers.

Keep focused tests beside their owning domain under
`test/domains/<domain>`: plain object tests call Ruby directly,
repository tests use the isolated database, and action tests may use
`ApplicationTest` for the Rack contract. Keep complete customer journeys
and cross-domain workflows under `test/integration`. These test paths
mirror production ownership without entering the `app/domains`
autoload tree. Domain generators create the mirrored directory; action,
REST, and authentication generators add executable behavior tests.

List routes with their action methods and guards:

```sh
bundle exec luna routes
bundle exec luna routes --domain posts
bundle exec luna routes GET /posts/42
```

Business routes live only in `app/domains/*/routes.rb`; their file owns
the route and its action namespace. Rack infrastructure mounts stay in
`config.ru`. Lunula rejects duplicate, structurally equivalent, and
equal-specificity ambiguous routes during boot and reload. By default a
route maps to a method on the domain's `Actions` class and renders its
matching ERB view when it returns a Hash. Additional multi-method action
sets can live in `app/domains/posts/actions/publishing_actions.rb` and
be selected with `actions: :publishing` in the route.

Branded error pages live in `app/errors/404.erb` and
`app/errors/500.erb`. They render through the application layout and
receive `status`, `title`, `message`, `context`, and `error` locals.
Development 500s keep the framework debug page.

Generated REST resources use `Lunula::Attributes` and the compact
`Lunula::Repository` facade over `Lunula::Store`. Repositories receive
the application database through `APP.database`, while `dataset` remains
available for custom Sequel queries.

Actions receive request-scoped context separately from parameters:

```ruby
module Posts
  class Actions < Lunula::Actions
    def create(context, params)
    end
  end
end
```

Form, query, route, and top-level JSON object parameters all use the
same nested `Params` API. Whitelist input explicitly:

```ruby
attributes = params.require(:post).permit(:title, :body)
```

Malformed JSON returns `400 Bad Request`. Session-authenticated JSON
writes send their CSRF token in the `X-CSRF-Token` header.

`Lunula::Middleware::RequestLimits` bounds request bodies, query
strings, multipart parts/files, parameter count, and nesting. Override
the generated `LUNULA_MAX_*` values when needed, and configure matching
proxy body limits plus slow-client read/header timeouts.

The application cache is available as `context.cache` in actions and
`APP.cache` elsewhere. Development and test use a bounded memory store;
production defaults to the null store until `config/cache.rb` is wired
to a shared adapter.

```ruby
value = context.cache.fetch(["posts", post.id], expires_in: 60) { expensive_value }
```

Multipart uploads are stored explicitly through `context.storage`.
Development uses `storage/`, tests use memory, and production defaults
to a null service until `config/storage.rb` is connected to object
storage:

```ruby
blob = context.storage.store(
  params[:file],
  max_bytes: 5 * 1024 * 1024,
  content_types: ["image/*"],
  content_inspector: Lunula::Storage::ContentTypeInspector.new
)
```

Local `/uploads` URLs are public and unguarded. Store private files
behind an authenticated route or a remote service with signed URLs.
Filenames and declared media types are client supplied. Signature checks
do not make polyglots or compressed files safe; decode/scan them with
explicit resource limits when the application accepts those formats.

Encrypted credentials live in `config/credentials.yml.enc`. Keep
`config/master.key` local, or set `LUNULA_MASTER_KEY` in production.
Keep `config/master.key` and `.kamal/secrets` owner-readable only
(`chmod 600`).

```sh
bundle exec luna credentials:show
bundle exec luna credentials:edit
```

Security headers, CSRF protection, host authorization, and auth route
rate limits are wired in `config.ru`. HSTS is enabled only in
production, assuming HTTPS terminates at your proxy. The default rate
limiter keys on `request.ip`, so the proxy must overwrite untrusted
forwarding headers rather than passing client-supplied
`X-Forwarded-For` through unchanged. CSRF tokens are unmasked; avoid
compressing pages that reflect secrets if BREACH-style attacks are in
scope. CSP directives can use `:nonce`, and views can read the matching
value with `csp_nonce context` for inline scripts or styles.

Mail writes to `tmp/mail` in development. Read it at `/luna/mail`, which
is local-only and unavailable in production. Configure SMTP with env
vars or encrypted credentials in `config/mail.rb`.

Background jobs are configured in `config/jobs.rb`. Development uses
the async in-process adapter, tests run inline, and production persists
jobs in the database. Run production work with:

```sh
bundle exec luna jobs:work
bundle exec luna jobs:work --queue critical,default --threads 4 --batch-size 20
bundle exec luna jobs:health
bundle exec luna jobs:benchmark --jobs 1000 --web-requests 250 --web-path /up --outbox-items 100 --threads 2 --batch-size 10
bundle exec luna jobs:failed
bundle exec luna jobs:scheduled
bundle exec luna jobs:recurring
bundle exec luna jobs:schedule
```

For the generated single-host SQLite deployment, start with one worker
process, two worker threads, a batch size between 5 and 10, and a poll
interval between 0.25 and 1.0 seconds. Treat sustained `SQLITE_BUSY`
errors, oldest pending age above your user-visible SLA, frequent manual
WAL checkpoints, or benchmark p95 database latency above roughly
100-250ms as signs to reduce worker concurrency or move jobs to an
external database through Sequel. Repeated SQLite busy/locked errors
are logged as throttled `sqlite_busy_contention` warnings with request,
job, outbox, or table metadata.

For local development with a web process, worker, and recurring
scheduler, use `Procfile.dev` with a process runner such as Overmind,
Foreman, or Hivemind. The production shape is the same: web serves
requests, `luna jobs:work` performs queued jobs and outbox delivery, and
`luna jobs:schedule` enqueues recurring tasks.

The read-only jobs dashboard is mounted at `/luna/jobs`; its JSON health
endpoint is `/luna/jobs/health`. Development access is local-only.
Production access requires `LUNULA_DASHBOARD_PASSWORD` and uses HTTP
Basic auth. Development local-only checks use the direct `REMOTE_ADDR`
socket address, not forwarding headers.

Use `Lunula.enqueue` for independent work. Enqueue work that depends
on a database write through the transaction so rollback remains safe:

```ruby
context.transaction do |transaction|
  # persist domain changes
  transaction.enqueue MyDomain::Jobs::Notify, record_id
end
```

The generated `lunula_job_outbox` provides a crash-safe hand-off when
a durable external adapter cannot share the Sequel transaction.

Schedule work with `Lunula.enqueue_in(seconds, Job, ...)` or
`Lunula.enqueue_at(time, Job, ...)`. Jobs may declare an integer
`priority`; lower numbers run first, then scheduled time and insertion
order.

Workers atomically claim configurable batches. Ordered queue lists are
served fairly, while `--all-queues` uses global priority ordering.
Active worker identity, process, host, queues, heartbeat, concurrency,
and current workload are stored in `lunula_job_workers`; graceful
shutdown drains the claimed batch without taking more work.

Running jobs renew their leases, and dead-worker heartbeats allow early
recovery after a crash or `SIGKILL`. Configure lease, heartbeat, default
execution timeout, and worker expiry through `LUNULA_JOB_LEASE_SECONDS`,
`LUNULA_JOB_HEARTBEAT_INTERVAL`, `LUNULA_JOB_TIMEOUT`, and
`LUNULA_JOB_WORKER_TIMEOUT`.

Timeouts and cancellation are cooperative: long loops call
`Lunula::Jobs.checkpoint!`, while external I/O keeps its own native
timeout. Jobs can override the default with `def self.timeout = 30`.

Recurring jobs are declared in `config/recurring.yml` with a narrow
interval syntax such as `every: "5 minutes"` or `every: "1 hour"`.
`luna jobs:schedule` enqueues due tasks and uses
`lunula_recurring_runs` to prevent duplicate runs across scheduler
processes. Use `luna jobs:recurring` to inspect the schedule,
`luna jobs:recurring run NAME` to trigger a task now, and
`luna jobs:recurring enable NAME` / `disable NAME` to toggle a task.

The worker handles `SIGTERM` and `SIGINT` by finishing its current item
before exiting. Durable arguments use JSON hash semantics: top-level
keyword keys are symbols when performed, while nested hash keys are
strings.

The application is configured with `database: DB`, so actions can use
explicit transactions and emit events only after commit:

```ruby
context.transaction do |transaction|
  # persist domain changes
  transaction.emit MyDomain::Events::Changed.new(record_id: 1)
end
```

Register event subscribers explicitly with `APP.events.configure` after
creating `APP`. Production writes emitted events to a transactional
database outbox; the same worker delivers them after commit. Delivery
is at least once, so jobs and subscribers must be idempotent.

Environment-specific config lives in `config/environments`. Logs are
written to `log/<environment>.log` in development and stdout in
production.

```ruby
Lunula.env.development?
Lunula.logger.info "Application event"
```

See `DEPLOYMENT.md` for the generated Docker and Kamal production
template.

===== Rakefile =====
# frozen_string_literal: true

APP_ROOT = File.expand_path(__dir__) unless defined?(APP_ROOT)
require "lunula"
require "rake/testtask"
require "sequel"
require "sequel/extensions/migration"

Rake::TestTask.new do |task|
  task.libs << "test"
  task.pattern = "test/**/*_test.rb"
end

task default: :test

namespace :db do
  desc "Run database migrations"
  task :migrate do
    require_relative "config/database"
    Sequel::Migrator.run(DB, File.join(APP_ROOT, "db", "migrations"))
    puts "Database migrations complete."
  end

  desc "Load database seed data"
  task seed: :migrate do
    require_relative "config/application"
    load File.join(APP_ROOT, "db", "seeds.rb")
    puts "Database seed complete."
  end
end


namespace :assets do
  desc "Compile fingerprinted production assets"
  task :precompile do
    manifest = Lunula::Assets.precompile(root: APP_ROOT)
    puts "Compiled #{manifest.fetch("assets").length} assets."
  end

  desc "Remove fingerprinted production assets"
  task :clobber do
    count = Lunula::Assets.clobber(root: APP_ROOT)
    puts "Removed #{count} compiled assets and the asset manifest."
  end
end

===== app/domains/home/actions.rb =====
# frozen_string_literal: true

module Home
  class Actions < Lunula::Actions
    def index(_context, _params)
      {framework: "Lunula", command: "luna"}
    end

    def up(_context, _params)
      text "OK"
    end
  end
end

===== app/domains/home/routes.rb =====
get "/", :index
get "/up", :up

===== app/domains/home/views/index.erb =====
<% page_title "Home" %>

<section>
  <p class="eyebrow">Domain-oriented Ruby</p>
  <h1><%= framework %> is running.</h1>
  <p>Your application is explicit, HTML-first, and ready for a domain.</p>

  <%= component :feature,
        title: "No controllers required",
        detail: "This page came from Home::Index and views/index.erb." %>

  <button @click="count++">
    Helium clicks: <strong @text="count">0</strong>
  </button>

  <p><code><%= command %> generate domain posts</code> is coming next.</p>
</section>

===== app/errors/404.erb =====
<% page_title title %>

<section>
  <p class="eyebrow">404</p>
  <h1>Page not found.</h1>
  <p><%= message %></p>
  <p><a href="/">Go home</a></p>
</section>

===== app/errors/500.erb =====
<% page_title title %>

<section>
  <p class="eyebrow">500</p>
  <h1>Something went wrong.</h1>
  <p><%= message %></p>
</section>

===== app/layouts/application.erb =====
<!doctype html>
<html lang="en">
  <head>
    <meta charset="utf-8">
    <meta name="viewport" content="width=device-width, initial-scale=1">
    <title><%= document_title %></title>
    <%= stylesheet_link "application.css" %>
    <%= morpheus_navigation context %>
    <%= javascript_include "helium-csp.js", module: true %>
  </head>
  <body @data="{ count: 0 }">
    <%= navigation_page content, context: context %>
  </body>
</html>

===== config.ru =====
# frozen_string_literal: true

require_relative "config/application"
require "rack/head"
require "rack/session"

session_expire_after = Integer(ENV.fetch("LUNULA_SESSION_EXPIRE_AFTER", 60 * 60 * 24 * 30))
raise "LUNULA_SESSION_EXPIRE_AFTER must be positive" unless session_expire_after.positive?
session_store = ENV.fetch("LUNULA_SESSION_STORE", "cookie")

use Lunula::Middleware::RequestLimits,
  max_body_bytes: Integer(ENV.fetch("LUNULA_MAX_REQUEST_BYTES", 10 * 1024 * 1024)),
  max_query_bytes: Integer(ENV.fetch("LUNULA_MAX_QUERY_BYTES", 64 * 1024)),
  max_multipart_files: Integer(ENV.fetch("LUNULA_MAX_MULTIPART_FILES", 16)),
  max_multipart_parts: Integer(ENV.fetch("LUNULA_MAX_MULTIPART_PARTS", 128)),
  max_parameters: Integer(ENV.fetch("LUNULA_MAX_PARAMETERS", 1024)),
  max_parameter_depth: Integer(ENV.fetch("LUNULA_MAX_PARAMETER_DEPTH", 16))
allowed_hosts = ENV.fetch("LUNULA_ALLOWED_HOSTS", "").split(",").map(&:strip).reject(&:empty?)
allowed_hosts = [Lunula.app_host] if allowed_hosts.empty? && Lunula.env.production?
use Lunula::Middleware::HostAuthorization, hosts: allowed_hosts
use Lunula::Middleware::SecurityHeaders,
  hsts: Lunula.env.production?,
  csp: {
    "default-src" => ["'self'"],
    "base-uri" => ["'self'"],
    "form-action" => ["'self'"],
    "frame-ancestors" => ["'self'"],
    "img-src" => ["'self'", "data:"],
    "script-src" => ["'self'", :nonce],
    "style-src" => ["'self'", :nonce]
  }
use Lunula::Middleware::RateLimiter,
  rules: Lunula.env.test? ? [] : [
    {
      method: "POST",
      path: ["/login", "/signup", "/magic-login", "/magic-login/confirm", "/password/forgot", "/password"],
      limit: 10,
      period: 60
    }
  ]
use Rack::Head
use Lunula::Middleware::PendingMigrations,
  database: DB,
  directory: File.join(APP_ROOT, "db", "migrations")
case session_store
when "cookie"
  session_secret = ENV["LUNULA_SESSION_SECRET"] || ENV["SESSION_SECRET"]
  if session_secret.to_s.empty?
    raise "LUNULA_SESSION_SECRET is required in production" if Lunula.env.production?

    session_secret = "development-session-secret-change-this-before-production-000000000000"
  end
  session_old_secrets = ENV.fetch("LUNULA_SESSION_SECRET_OLD", ENV.fetch("SESSION_SECRET_OLD", ""))
    .split(",")
    .map(&:strip)
    .reject(&:empty?)
  use Rack::Session::Cookie,
    key: "lunula.session",
    secrets: [session_secret, *session_old_secrets],
    expire_after: session_expire_after,
    same_site: :lax,
    secure: Lunula.env.production?,
    httponly: true
when "database", "db"
  use Lunula::SessionStore,
    database: DB,
    table: :lunula_sessions,
    key: "lunula.session",
    expire_after: session_expire_after,
    same_site: :lax,
    secure: Lunula.env.production?,
    httponly: true
else
  raise "LUNULA_SESSION_STORE must be cookie or database"
end
use Lunula::Middleware::CSRF
use Rack::MethodOverride
use Lunula::Middleware::StorageFiles, storage: APP.storage
use Rack::Static, **Lunula::Assets.rack_options(root: APP_ROOT)
use Lunula::Middleware::RequestLogger

map "/luna/jobs" do
  run Lunula::Jobs::Dashboard.new(
    application: APP,
    recurring_path: File.join(APP_ROOT, "config", "recurring.yml")
  )
end

map "/luna/mail" do
  run Lunula::Mailer::Inbox.new(root: APP_ROOT)
end

map "/" do
  run APP
end

===== config/application.rb =====
# frozen_string_literal: true

require "lunula"

APP_ROOT = File.expand_path("..", __dir__) unless defined?(APP_ROOT)
Lunula.root = APP_ROOT
require_relative "environment"
require_relative "database"
require_relative "cache"
require_relative "storage"
require_relative "jobs"
require_relative "mail"

event_delivery = ENV.fetch(
  "LUNULA_EVENT_OUTBOX",
  Lunula.env.production? ? "database" : "inline"
)
event_outbox = case event_delivery
when "database" then Lunula::Events::Outbox.new(database: DB)
when "inline" then nil
else raise "unknown LUNULA_EVENT_OUTBOX; use database or inline"
end

APP = Lunula::Application.new(
  root: APP_ROOT,
  title: "Snapshot",
  reload: Lunula.reload,
  database: DB,
  outbox: event_outbox,
  job_outbox: Lunula.job_outbox,
  cache: Lunula.cache,
  storage: Lunula.storage,
  navigation: true
)

===== config/cache.rb =====
# frozen_string_literal: true

cache_store = case ENV.fetch(
  "LUNULA_CACHE_STORE",
  Lunula.env.production? ? "null" : "memory"
)
when "memory"
  Lunula::Cache::MemoryStore.new(
    max_size: Integer(ENV.fetch("LUNULA_CACHE_SIZE", 1_000))
  )
when "null"
  Lunula::Cache::NullStore.new
else
  raise "unknown LUNULA_CACHE_STORE; configure a store in config/cache.rb"
end

Lunula.configure_cache(
  store: cache_store,
  namespace: File.basename(APP_ROOT)
)

===== config/environment.rb =====
# frozen_string_literal: true

Lunula.env = ENV["LUNULA_ENV"] || ENV["RACK_ENV"] || "development"

environment_config = File.join(__dir__, "environments", "#{Lunula.env}.rb")
require environment_config if File.file?(environment_config)

===== config/environments/development.rb =====
# frozen_string_literal: true

Lunula.reload = true
Lunula.configure_logger(root: APP_ROOT, level: :debug)

===== config/environments/production.rb =====
# frozen_string_literal: true

Lunula.configure_logger(output: $stdout, level: :info)

===== config/environments/test.rb =====
# frozen_string_literal: true

Lunula.configure_logger(output: File::NULL, level: :warn)
Lunula.configure_mail(root: APP_ROOT, delivery: :test)

===== config/jobs.rb =====
# frozen_string_literal: true

job_adapter_name = ENV.fetch(
  "LUNULA_JOB_ADAPTER",
  Lunula.env.test? ? "inline" : Lunula.env.production? ? "database" : "async"
)

job_adapter = case job_adapter_name
when "database"
  Lunula::Jobs::Adapters::Database.new(
    database: DB,
    lease_seconds: Float(ENV.fetch("LUNULA_JOB_LEASE_SECONDS", 300)),
    heartbeat_interval: ENV["LUNULA_JOB_HEARTBEAT_INTERVAL"]&.then { |value| Float(value) },
    execution_timeout: ENV["LUNULA_JOB_TIMEOUT"]&.then { |value| Float(value) },
    worker_timeout: ENV["LUNULA_JOB_WORKER_TIMEOUT"]&.then { |value| Float(value) },
    completed_retention: ENV.fetch("LUNULA_JOB_COMPLETED_RETENTION", 7 * 24 * 60 * 60),
    discarded_retention: ENV.fetch("LUNULA_JOB_DISCARDED_RETENTION", 30 * 24 * 60 * 60),
    failed_retention: ENV.fetch("LUNULA_JOB_FAILED_RETENTION", 30 * 24 * 60 * 60)
  )
else
  job_adapter_name.to_sym
end

Lunula.configure_jobs(
  adapter: job_adapter,
  outbox: Lunula::Jobs::Outbox.new(database: DB)
)

===== config/litestream.yml.example =====
# Example Litestream configuration for single-host SQLite backups.
# Install Litestream separately and provide destination credentials
# through the environment or your host supervisor.
#
# Restore before starting the app:
#   litestream restore -if-replica-exists -o db/production.sqlite3 db/production.sqlite3
#
# Run beside the app:
#   litestream replicate -config config/litestream.yml
dbs:
  - path: /app/db/production.sqlite3
    replicas:
      - type: s3
        bucket: CHANGE_ME
        path: snapshot/production.sqlite3
        endpoint: https://s3.amazonaws.com
        region: CHANGE_ME

===== config/storage.rb =====
# frozen_string_literal: true

storage_service = case ENV.fetch(
  "LUNULA_STORAGE_SERVICE",
  Lunula.env.test? ? "memory" : Lunula.env.production? ? "null" : "disk"
)
when "disk"
  Lunula::Storage::DiskService.new(
    root: ENV.fetch("LUNULA_STORAGE_ROOT", File.join(APP_ROOT, "storage"))
  )
when "memory"
  Lunula::Storage::MemoryService.new
when "null"
  Lunula::Storage::NullService.new
else
  raise "unknown LUNULA_STORAGE_SERVICE; configure a service in config/storage.rb"
end

Lunula.configure_storage(service: storage_service)

===== db/migrations/20260629000000_create_lunula_runtime.rb =====
# frozen_string_literal: true

Sequel.migration do
  change do
    create_table(:lunula_jobs) do
      primary_key :id
      String :queue, null: false, default: "default"
      Integer :priority, null: false, default: 0
      String :job_class, null: false
      String :payload, text: true, null: false
      Integer :attempts, null: false, default: 0
      Integer :max_attempts, null: false, default: 10
      DateTime :available_at, null: false
      DateTime :locked_at
      String :locked_by
      String :worker_id
      String :last_error, text: true
      String :failure_kind
      DateTime :cancel_requested_at
      DateTime :cancelled_at
      DateTime :failed_at
      DateTime :completed_at
      DateTime :discarded_at
      String :unique_key
      DateTime :unique_until
      String :concurrency_key
      Integer :concurrency_limit
      DateTime :blocked_at
      String :blocked_reason
      DateTime :created_at, null: false
      DateTime :updated_at, null: false
      index [:queue, :failed_at, :priority, :available_at], name: :lunula_jobs_ready
      index :worker_id, name: :lunula_jobs_worker
      index :unique_key, name: :lunula_jobs_unique_key
      index :concurrency_key, name: :lunula_jobs_concurrency_key
      index :blocked_at, name: :lunula_jobs_blocked
    end

    create_table(:lunula_outbox) do
      primary_key :id
      String :event_class, null: false
      String :payload, text: true, null: false
      Integer :attempts, null: false, default: 0
      Integer :max_attempts, null: false, default: 10
      DateTime :available_at, null: false
      DateTime :locked_at
      String :locked_by
      String :last_error, text: true
      String :failure_kind
      DateTime :failed_at
      DateTime :created_at, null: false
      DateTime :updated_at, null: false
      index [:failed_at, :available_at], name: :lunula_outbox_ready
    end

    create_table(:lunula_job_outbox) do
      primary_key :id
      String :handoff_id, null: false, unique: true
      String :queue, null: false, default: "default"
      Integer :priority, null: false, default: 0
      String :job_class, null: false
      String :payload, text: true, null: false
      Integer :attempts, null: false, default: 0
      Integer :max_attempts, null: false, default: 10
      DateTime :available_at, null: false
      DateTime :locked_at
      String :locked_by
      String :last_error, text: true
      String :failure_kind
      DateTime :failed_at
      DateTime :created_at, null: false
      DateTime :updated_at, null: false
      index [:failed_at, :priority, :available_at], name: :lunula_job_outbox_ready
    end

    create_table(:lunula_sessions) do
      String :id, primary_key: true
      String :data, text: true, null: false
      DateTime :expires_at
      DateTime :created_at, null: false
      DateTime :updated_at, null: false
      index :expires_at, name: :lunula_sessions_expires_at
    end

    create_table(:lunula_job_workers) do
      String :id, primary_key: true
      Integer :process_id, null: false
      String :hostname, null: false
      String :queues, text: true, null: false
      Integer :thread_count, null: false
      Integer :batch_size, null: false
      DateTime :started_at, null: false
      DateTime :last_heartbeat_at, null: false
      Integer :current_workload, null: false, default: 0
      index :last_heartbeat_at, name: :lunula_job_workers_heartbeat
    end

    create_table(:lunula_job_queues) do
      String :queue, primary_key: true
      DateTime :paused_at, null: false
      String :paused_by
      DateTime :created_at, null: false
      DateTime :updated_at, null: false
    end

    create_table(:lunula_recurring_runs) do
      primary_key :id
      String :task_name, null: false
      DateTime :scheduled_at, null: false
      TrueClass :manual, null: false, default: false
      Integer :enqueued_job_id
      DateTime :created_at, null: false
      unique [:task_name, :scheduled_at], name: :lunula_recurring_runs_unique
      index :created_at, name: :lunula_recurring_runs_created
    end
  end
end

===== test/domains/home/actions_test.rb =====
# frozen_string_literal: true

require_relative "../../test_helper"

class HomeActionsTest < ApplicationTest
  def test_home_page
    get "/"

    assert_equal 200, last_response.status
    assert_includes last_response.body, "Lunula is running."
  end

  def test_health_check
    get "/up"

    assert_equal 200, last_response.status
    assert_equal "OK", last_response.body
  end
end

===== test/integration/.keep =====

===== test/test_helper.rb =====
# frozen_string_literal: true

ENV["LUNULA_ENV"] = "test"
ENV["RACK_ENV"] = "test"

require "minitest/autorun"
require "rack"
require "rack/test"
require "securerandom"
require "sequel"
require "sequel/extensions/migration"
require "tmpdir"
require "fileutils"

TEST_ROOT = File.expand_path("..", __dir__) unless defined?(TEST_ROOT)
test_database_directory = unless ENV["DATABASE_URL"]
  Dir.mktmpdir("lunula-test").tap do |directory|
    ENV["DATABASE_URL"] = "sqlite://#{File.join(directory, "test.sqlite3")}"
  end
end
TEST_APP = Rack::Builder.parse_file(File.join(TEST_ROOT, "config.ru")) unless defined?(TEST_APP)

Minitest.after_run do
  APP.database&.disconnect
  FileUtils.rm_rf(test_database_directory) if test_database_directory
end

migrations = File.join(TEST_ROOT, "db", "migrations")
if Dir[File.join(migrations, "*.rb")].any?
  Sequel::Migrator.run(APP.database, migrations)
end

class ApplicationTest < Minitest::Test
  include Rack::Test::Methods

  def app
    TEST_APP
  end

  def database
    APP.database
  end

  # Tokens are only generated on demand (unsafe requests or rendered
  # forms), so seed the session with one instead of reading it back
  # from a GET.
  def csrf_token(_path = "/")
    @csrf_token ||= SecureRandom.hex(32).tap do |token|
      env "rack.session", {csrf_token: token}
    end
  end

  def before_setup
    super
    clear_cookies
    @csrf_token = nil
  end
end
